../Core/Src/main.c:69:6:UART_SEND_TXT	24	static
../Core/Src/main.c:78:6:UART_SEND_CHR	24	static
../Core/Src/main.c:87:6:UART_SEND_NL	16	static
../Core/Src/main.c:95:6:UART_SEND_INT	40	static
../Core/Src/main.c:106:6:UART_SEND_FLT	40	static
../Core/Src/main.c:122:5:main	40	static
../Core/Src/main.c:185:6:SystemClock_Config	160	static
../Core/Src/main.c:233:13:MX_ADC1_Init	48	static
../Core/Src/main.c:299:13:MX_USART2_UART_Init	8	static
../Core/Src/main.c:334:13:MX_GPIO_Init	40	static
../Core/Src/main.c:365:6:Error_Handler	4	static,ignoring_inline_asm
